CRITICAL - 2025-09-15 02:12:52 --> ParseError: syntax error, unexpected token "=>", expecting "]"
[Method: POST, Route: auth]
in APPPATH\Controllers\Post_User.php on line 12.
 1 SYSTEMPATH\Autoloader\Autoloader.php(295): CodeIgniter\Autoloader\Autoloader->includeFile('D:\\codeigniter4_framework\\app\\Controllers\\Post_User.php')
 2 SYSTEMPATH\Autoloader\Autoloader.php(271): CodeIgniter\Autoloader\Autoloader->loadInNamespace('App\\Controllers\\Post_User')
 3 [internal function]: CodeIgniter\Autoloader\Autoloader->loadClass('App\\Controllers\\Post_User')
 4 SYSTEMPATH\CodeIgniter.php(885): class_exists('\\App\\Controllers\\Post_User', true)
 5 SYSTEMPATH\CodeIgniter.php(494): CodeIgniter\CodeIgniter->startController()
 6 SYSTEMPATH\CodeIgniter.php(354): CodeIgniter\CodeIgniter->handleRequest(null, Object(Config\Cache), false)
 7 SYSTEMPATH\Boot.php(363): CodeIgniter\CodeIgniter->run()
 8 SYSTEMPATH\Boot.php(68): CodeIgniter\Boot::runCodeIgniter(Object(CodeIgniter\CodeIgniter))
 9 FCPATH\index.php(59): CodeIgniter\Boot::bootWeb(Object(Config\Paths))
10 SYSTEMPATH\rewrite.php(44): require_once('D:\\codeigniter4_framework\\public\\index.php')
CRITICAL - 2025-09-15 02:14:45 --> Error: Call to undefined function App\Controllers\save_data()
[Method: POST, Route: auth]
in APPPATH\Controllers\Post_User.php on line 22.
 1 SYSTEMPATH\CodeIgniter.php(933): App\Controllers\Post_User->compare()
 2 SYSTEMPATH\CodeIgniter.php(507): CodeIgniter\CodeIgniter->runController(Object(App\Controllers\Post_User))
 3 SYSTEMPATH\CodeIgniter.php(354): CodeIgniter\CodeIgniter->handleRequest(null, Object(Config\Cache), false)
 4 SYSTEMPATH\Boot.php(363): CodeIgniter\CodeIgniter->run()
 5 SYSTEMPATH\Boot.php(68): CodeIgniter\Boot::runCodeIgniter(Object(CodeIgniter\CodeIgniter))
 6 FCPATH\index.php(59): CodeIgniter\Boot::bootWeb(Object(Config\Paths))
 7 SYSTEMPATH\rewrite.php(44): require_once('D:\\codeigniter4_framework\\public\\index.php')
CRITICAL - 2025-09-15 02:15:28 --> Error: Call to undefined function App\Controllers\save_data()
[Method: POST, Route: auth]
in APPPATH\Controllers\Post_User.php on line 16.
 1 SYSTEMPATH\CodeIgniter.php(933): App\Controllers\Post_User->compare()
 2 SYSTEMPATH\CodeIgniter.php(507): CodeIgniter\CodeIgniter->runController(Object(App\Controllers\Post_User))
 3 SYSTEMPATH\CodeIgniter.php(354): CodeIgniter\CodeIgniter->handleRequest(null, Object(Config\Cache), false)
 4 SYSTEMPATH\Boot.php(363): CodeIgniter\CodeIgniter->run()
 5 SYSTEMPATH\Boot.php(68): CodeIgniter\Boot::runCodeIgniter(Object(CodeIgniter\CodeIgniter))
 6 FCPATH\index.php(59): CodeIgniter\Boot::bootWeb(Object(Config\Paths))
 7 SYSTEMPATH\rewrite.php(44): require_once('D:\\codeigniter4_framework\\public\\index.php')
CRITICAL - 2025-09-15 02:16:21 --> Error: Call to undefined function App\Controllers\save_data()
[Method: POST, Route: auth]
in APPPATH\Controllers\Post_User.php on line 16.
 1 SYSTEMPATH\CodeIgniter.php(933): App\Controllers\Post_User->compare()
 2 SYSTEMPATH\CodeIgniter.php(507): CodeIgniter\CodeIgniter->runController(Object(App\Controllers\Post_User))
 3 SYSTEMPATH\CodeIgniter.php(354): CodeIgniter\CodeIgniter->handleRequest(null, Object(Config\Cache), false)
 4 SYSTEMPATH\Boot.php(363): CodeIgniter\CodeIgniter->run()
 5 SYSTEMPATH\Boot.php(68): CodeIgniter\Boot::runCodeIgniter(Object(CodeIgniter\CodeIgniter))
 6 FCPATH\index.php(59): CodeIgniter\Boot::bootWeb(Object(Config\Paths))
 7 SYSTEMPATH\rewrite.php(44): require_once('D:\\codeigniter4_framework\\public\\index.php')
CRITICAL - 2025-09-15 02:16:26 --> Error: Call to undefined function App\Controllers\save_data()
[Method: POST, Route: auth]
in APPPATH\Controllers\Post_User.php on line 16.
 1 SYSTEMPATH\CodeIgniter.php(933): App\Controllers\Post_User->compare()
 2 SYSTEMPATH\CodeIgniter.php(507): CodeIgniter\CodeIgniter->runController(Object(App\Controllers\Post_User))
 3 SYSTEMPATH\CodeIgniter.php(354): CodeIgniter\CodeIgniter->handleRequest(null, Object(Config\Cache), false)
 4 SYSTEMPATH\Boot.php(363): CodeIgniter\CodeIgniter->run()
 5 SYSTEMPATH\Boot.php(68): CodeIgniter\Boot::runCodeIgniter(Object(CodeIgniter\CodeIgniter))
 6 FCPATH\index.php(59): CodeIgniter\Boot::bootWeb(Object(Config\Paths))
 7 SYSTEMPATH\rewrite.php(44): require_once('D:\\codeigniter4_framework\\public\\index.php')
CRITICAL - 2025-09-15 02:17:00 --> Error: Call to undefined function App\Controllers\save_data()
[Method: POST, Route: auth]
in APPPATH\Controllers\Post_User.php on line 22.
 1 SYSTEMPATH\CodeIgniter.php(933): App\Controllers\Post_User->compare()
 2 SYSTEMPATH\CodeIgniter.php(507): CodeIgniter\CodeIgniter->runController(Object(App\Controllers\Post_User))
 3 SYSTEMPATH\CodeIgniter.php(354): CodeIgniter\CodeIgniter->handleRequest(null, Object(Config\Cache), false)
 4 SYSTEMPATH\Boot.php(363): CodeIgniter\CodeIgniter->run()
 5 SYSTEMPATH\Boot.php(68): CodeIgniter\Boot::runCodeIgniter(Object(CodeIgniter\CodeIgniter))
 6 FCPATH\index.php(59): CodeIgniter\Boot::bootWeb(Object(Config\Paths))
 7 SYSTEMPATH\rewrite.php(44): require_once('D:\\codeigniter4_framework\\public\\index.php')
CRITICAL - 2025-09-15 02:18:22 --> Error: Call to undefined method CodeIgniter\HTTP\IncomingRequest::post()
[Method: POST, Route: auth]
in APPPATH\Controllers\Post_User.php on line 12.
 1 APPPATH\Controllers\Post_User.php(22): App\Controllers\Post_User->save_data()
 2 SYSTEMPATH\CodeIgniter.php(933): App\Controllers\Post_User->compare()
 3 SYSTEMPATH\CodeIgniter.php(507): CodeIgniter\CodeIgniter->runController(Object(App\Controllers\Post_User))
 4 SYSTEMPATH\CodeIgniter.php(354): CodeIgniter\CodeIgniter->handleRequest(null, Object(Config\Cache), false)
 5 SYSTEMPATH\Boot.php(363): CodeIgniter\CodeIgniter->run()
 6 SYSTEMPATH\Boot.php(68): CodeIgniter\Boot::runCodeIgniter(Object(CodeIgniter\CodeIgniter))
 7 FCPATH\index.php(59): CodeIgniter\Boot::bootWeb(Object(Config\Paths))
 8 SYSTEMPATH\rewrite.php(44): require_once('D:\\codeigniter4_framework\\public\\index.php')
CRITICAL - 2025-09-15 02:19:09 --> Error: Call to undefined method CodeIgniter\HTTP\IncomingRequest::post()
[Method: POST, Route: auth]
in APPPATH\Controllers\Post_User.php on line 12.
 1 APPPATH\Controllers\Post_User.php(22): App\Controllers\Post_User->save_data()
 2 SYSTEMPATH\CodeIgniter.php(933): App\Controllers\Post_User->compare()
 3 SYSTEMPATH\CodeIgniter.php(507): CodeIgniter\CodeIgniter->runController(Object(App\Controllers\Post_User))
 4 SYSTEMPATH\CodeIgniter.php(354): CodeIgniter\CodeIgniter->handleRequest(null, Object(Config\Cache), false)
 5 SYSTEMPATH\Boot.php(363): CodeIgniter\CodeIgniter->run()
 6 SYSTEMPATH\Boot.php(68): CodeIgniter\Boot::runCodeIgniter(Object(CodeIgniter\CodeIgniter))
 7 FCPATH\index.php(59): CodeIgniter\Boot::bootWeb(Object(Config\Paths))
 8 SYSTEMPATH\rewrite.php(44): require_once('D:\\codeigniter4_framework\\public\\index.php')
CRITICAL - 2025-09-15 02:20:17 --> TypeError: CodeIgniter\Database\BaseBuilder::select(): Argument #2 ($escape) must be of type ?bool, string given, called in D:\codeigniter4_framework\system\Model.php on line 925
[Method: POST, Route: auth]
in SYSTEMPATH\Database\BaseBuilder.php on line 403.
 1 SYSTEMPATH\Model.php(925): CodeIgniter\Database\BaseBuilder->select('username', 'password', 'role')
 2 APPPATH\Controllers\Post_User.php(24): CodeIgniter\Model->__call('select', [...])
 3 SYSTEMPATH\CodeIgniter.php(933): App\Controllers\Post_User->compare()
 4 SYSTEMPATH\CodeIgniter.php(507): CodeIgniter\CodeIgniter->runController(Object(App\Controllers\Post_User))
 5 SYSTEMPATH\CodeIgniter.php(354): CodeIgniter\CodeIgniter->handleRequest(null, Object(Config\Cache), false)
 6 SYSTEMPATH\Boot.php(363): CodeIgniter\CodeIgniter->run()
 7 SYSTEMPATH\Boot.php(68): CodeIgniter\Boot::runCodeIgniter(Object(CodeIgniter\CodeIgniter))
 8 FCPATH\index.php(59): CodeIgniter\Boot::bootWeb(Object(Config\Paths))
 9 SYSTEMPATH\rewrite.php(44): require_once('D:\\codeigniter4_framework\\public\\index.php')
CRITICAL - 2025-09-15 02:22:38 --> TypeError: CodeIgniter\Database\BaseBuilder::select(): Argument #2 ($escape) must be of type ?bool, string given, called in D:\codeigniter4_framework\system\Model.php on line 925
[Method: POST, Route: auth]
in SYSTEMPATH\Database\BaseBuilder.php on line 403.
 1 SYSTEMPATH\Model.php(925): CodeIgniter\Database\BaseBuilder->select('username', 'password', 'role')
 2 APPPATH\Controllers\Post_User.php(24): CodeIgniter\Model->__call('select', [...])
 3 SYSTEMPATH\CodeIgniter.php(933): App\Controllers\Post_User->compare()
 4 SYSTEMPATH\CodeIgniter.php(507): CodeIgniter\CodeIgniter->runController(Object(App\Controllers\Post_User))
 5 SYSTEMPATH\CodeIgniter.php(354): CodeIgniter\CodeIgniter->handleRequest(null, Object(Config\Cache), false)
 6 SYSTEMPATH\Boot.php(363): CodeIgniter\CodeIgniter->run()
 7 SYSTEMPATH\Boot.php(68): CodeIgniter\Boot::runCodeIgniter(Object(CodeIgniter\CodeIgniter))
 8 FCPATH\index.php(59): CodeIgniter\Boot::bootWeb(Object(Config\Paths))
 9 SYSTEMPATH\rewrite.php(44): require_once('D:\\codeigniter4_framework\\public\\index.php')
CRITICAL - 2025-09-15 02:22:50 --> TypeError: CodeIgniter\Database\BaseBuilder::select(): Argument #2 ($escape) must be of type ?bool, string given, called in D:\codeigniter4_framework\system\Model.php on line 925
[Method: POST, Route: auth]
in SYSTEMPATH\Database\BaseBuilder.php on line 403.
 1 SYSTEMPATH\Model.php(925): CodeIgniter\Database\BaseBuilder->select('username', 'password', 'role')
 2 APPPATH\Controllers\Post_User.php(24): CodeIgniter\Model->__call('select', [...])
 3 SYSTEMPATH\CodeIgniter.php(933): App\Controllers\Post_User->compare()
 4 SYSTEMPATH\CodeIgniter.php(507): CodeIgniter\CodeIgniter->runController(Object(App\Controllers\Post_User))
 5 SYSTEMPATH\CodeIgniter.php(354): CodeIgniter\CodeIgniter->handleRequest(null, Object(Config\Cache), false)
 6 SYSTEMPATH\Boot.php(363): CodeIgniter\CodeIgniter->run()
 7 SYSTEMPATH\Boot.php(68): CodeIgniter\Boot::runCodeIgniter(Object(CodeIgniter\CodeIgniter))
 8 FCPATH\index.php(59): CodeIgniter\Boot::bootWeb(Object(Config\Paths))
 9 SYSTEMPATH\rewrite.php(44): require_once('D:\\codeigniter4_framework\\public\\index.php')
CRITICAL - 2025-09-15 02:22:52 --> TypeError: CodeIgniter\Database\BaseBuilder::select(): Argument #2 ($escape) must be of type ?bool, string given, called in D:\codeigniter4_framework\system\Model.php on line 925
[Method: POST, Route: auth]
in SYSTEMPATH\Database\BaseBuilder.php on line 403.
 1 SYSTEMPATH\Model.php(925): CodeIgniter\Database\BaseBuilder->select('username', 'password', 'role')
 2 APPPATH\Controllers\Post_User.php(24): CodeIgniter\Model->__call('select', [...])
 3 SYSTEMPATH\CodeIgniter.php(933): App\Controllers\Post_User->compare()
 4 SYSTEMPATH\CodeIgniter.php(507): CodeIgniter\CodeIgniter->runController(Object(App\Controllers\Post_User))
 5 SYSTEMPATH\CodeIgniter.php(354): CodeIgniter\CodeIgniter->handleRequest(null, Object(Config\Cache), false)
 6 SYSTEMPATH\Boot.php(363): CodeIgniter\CodeIgniter->run()
 7 SYSTEMPATH\Boot.php(68): CodeIgniter\Boot::runCodeIgniter(Object(CodeIgniter\CodeIgniter))
 8 FCPATH\index.php(59): CodeIgniter\Boot::bootWeb(Object(Config\Paths))
 9 SYSTEMPATH\rewrite.php(44): require_once('D:\\codeigniter4_framework\\public\\index.php')
CRITICAL - 2025-09-15 02:23:33 --> ParseError: syntax error, unexpected token "else"
[Method: POST, Route: auth]
in APPPATH\Controllers\Post_User.php on line 28.
 1 SYSTEMPATH\Autoloader\Autoloader.php(295): CodeIgniter\Autoloader\Autoloader->includeFile('D:\\codeigniter4_framework\\app\\Controllers\\Post_User.php')
 2 SYSTEMPATH\Autoloader\Autoloader.php(271): CodeIgniter\Autoloader\Autoloader->loadInNamespace('App\\Controllers\\Post_User')
 3 [internal function]: CodeIgniter\Autoloader\Autoloader->loadClass('App\\Controllers\\Post_User')
 4 SYSTEMPATH\CodeIgniter.php(885): class_exists('\\App\\Controllers\\Post_User', true)
 5 SYSTEMPATH\CodeIgniter.php(494): CodeIgniter\CodeIgniter->startController()
 6 SYSTEMPATH\CodeIgniter.php(354): CodeIgniter\CodeIgniter->handleRequest(null, Object(Config\Cache), false)
 7 SYSTEMPATH\Boot.php(363): CodeIgniter\CodeIgniter->run()
 8 SYSTEMPATH\Boot.php(68): CodeIgniter\Boot::runCodeIgniter(Object(CodeIgniter\CodeIgniter))
 9 FCPATH\index.php(59): CodeIgniter\Boot::bootWeb(Object(Config\Paths))
10 SYSTEMPATH\rewrite.php(44): require_once('D:\\codeigniter4_framework\\public\\index.php')
CRITICAL - 2025-09-15 02:25:41 --> TypeError: CodeIgniter\Database\BaseBuilder::select(): Argument #2 ($escape) must be of type ?bool, string given, called in D:\codeigniter4_framework\system\Model.php on line 925
[Method: POST, Route: auth]
in SYSTEMPATH\Database\BaseBuilder.php on line 403.
 1 SYSTEMPATH\Model.php(925): CodeIgniter\Database\BaseBuilder->select('username', 'password', 'role')
 2 APPPATH\Controllers\Post_User.php(24): CodeIgniter\Model->__call('select', [...])
 3 SYSTEMPATH\CodeIgniter.php(933): App\Controllers\Post_User->compare()
 4 SYSTEMPATH\CodeIgniter.php(507): CodeIgniter\CodeIgniter->runController(Object(App\Controllers\Post_User))
 5 SYSTEMPATH\CodeIgniter.php(354): CodeIgniter\CodeIgniter->handleRequest(null, Object(Config\Cache), false)
 6 SYSTEMPATH\Boot.php(363): CodeIgniter\CodeIgniter->run()
 7 SYSTEMPATH\Boot.php(68): CodeIgniter\Boot::runCodeIgniter(Object(CodeIgniter\CodeIgniter))
 8 FCPATH\index.php(59): CodeIgniter\Boot::bootWeb(Object(Config\Paths))
 9 SYSTEMPATH\rewrite.php(44): require_once('D:\\codeigniter4_framework\\public\\index.php')
CRITICAL - 2025-09-15 02:28:43 --> CodeIgniter\Exceptions\BadMethodCallException: Call to undefined method App\Models\Data_Login::findFirst
[Method: POST, Route: auth]
in SYSTEMPATH\Model.php on line 927.
 1 APPPATH\Controllers\Post_User.php(24): CodeIgniter\Model->__call('findFirst', [])
 2 SYSTEMPATH\CodeIgniter.php(933): App\Controllers\Post_User->compare()
 3 SYSTEMPATH\CodeIgniter.php(507): CodeIgniter\CodeIgniter->runController(Object(App\Controllers\Post_User))
 4 SYSTEMPATH\CodeIgniter.php(354): CodeIgniter\CodeIgniter->handleRequest(null, Object(Config\Cache), false)
 5 SYSTEMPATH\Boot.php(363): CodeIgniter\CodeIgniter->run()
 6 SYSTEMPATH\Boot.php(68): CodeIgniter\Boot::runCodeIgniter(Object(CodeIgniter\CodeIgniter))
 7 FCPATH\index.php(59): CodeIgniter\Boot::bootWeb(Object(Config\Paths))
 8 SYSTEMPATH\rewrite.php(44): require_once('D:\\codeigniter4_framework\\public\\index.php')
CRITICAL - 2025-09-15 02:29:56 --> Error: Call to undefined function App\Controllers\get_page_based_role()
[Method: POST, Route: auth]
in APPPATH\Controllers\Post_User.php on line 26.
 1 SYSTEMPATH\CodeIgniter.php(933): App\Controllers\Post_User->compare()
 2 SYSTEMPATH\CodeIgniter.php(507): CodeIgniter\CodeIgniter->runController(Object(App\Controllers\Post_User))
 3 SYSTEMPATH\CodeIgniter.php(354): CodeIgniter\CodeIgniter->handleRequest(null, Object(Config\Cache), false)
 4 SYSTEMPATH\Boot.php(363): CodeIgniter\CodeIgniter->run()
 5 SYSTEMPATH\Boot.php(68): CodeIgniter\Boot::runCodeIgniter(Object(CodeIgniter\CodeIgniter))
 6 FCPATH\index.php(59): CodeIgniter\Boot::bootWeb(Object(Config\Paths))
 7 SYSTEMPATH\rewrite.php(44): require_once('D:\\codeigniter4_framework\\public\\index.php')
CRITICAL - 2025-09-15 02:30:31 --> Error: Call to undefined function App\Controllers\get_page_based_role()
[Method: POST, Route: auth]
in APPPATH\Controllers\Post_User.php on line 26.
 1 SYSTEMPATH\CodeIgniter.php(933): App\Controllers\Post_User->compare()
 2 SYSTEMPATH\CodeIgniter.php(507): CodeIgniter\CodeIgniter->runController(Object(App\Controllers\Post_User))
 3 SYSTEMPATH\CodeIgniter.php(354): CodeIgniter\CodeIgniter->handleRequest(null, Object(Config\Cache), false)
 4 SYSTEMPATH\Boot.php(363): CodeIgniter\CodeIgniter->run()
 5 SYSTEMPATH\Boot.php(68): CodeIgniter\Boot::runCodeIgniter(Object(CodeIgniter\CodeIgniter))
 6 FCPATH\index.php(59): CodeIgniter\Boot::bootWeb(Object(Config\Paths))
 7 SYSTEMPATH\rewrite.php(44): require_once('D:\\codeigniter4_framework\\public\\index.php')
CRITICAL - 2025-09-15 02:30:38 --> Error: Call to undefined function App\Controllers\return_status_role()
[Method: POST, Route: auth]
in APPPATH\Controllers\Post_User.php on line 26.
 1 SYSTEMPATH\CodeIgniter.php(933): App\Controllers\Post_User->compare()
 2 SYSTEMPATH\CodeIgniter.php(507): CodeIgniter\CodeIgniter->runController(Object(App\Controllers\Post_User))
 3 SYSTEMPATH\CodeIgniter.php(354): CodeIgniter\CodeIgniter->handleRequest(null, Object(Config\Cache), false)
 4 SYSTEMPATH\Boot.php(363): CodeIgniter\CodeIgniter->run()
 5 SYSTEMPATH\Boot.php(68): CodeIgniter\Boot::runCodeIgniter(Object(CodeIgniter\CodeIgniter))
 6 FCPATH\index.php(59): CodeIgniter\Boot::bootWeb(Object(Config\Paths))
 7 SYSTEMPATH\rewrite.php(44): require_once('D:\\codeigniter4_framework\\public\\index.php')
CRITICAL - 2025-09-15 02:31:02 --> ErrorException: Undefined variable $login
[Method: POST, Route: auth]
in APPPATH\Controllers\Post_User.php on line 26.
 1 APPPATH\Controllers\Post_User.php(26): CodeIgniter\Debug\Exceptions->errorHandler(2, 'Undefined variable $login', 'D:\\codeigniter4_framework\\app\\Controllers\\Post_User.php', 26)
 2 SYSTEMPATH\CodeIgniter.php(933): App\Controllers\Post_User->compare()
 3 SYSTEMPATH\CodeIgniter.php(507): CodeIgniter\CodeIgniter->runController(Object(App\Controllers\Post_User))
 4 SYSTEMPATH\CodeIgniter.php(354): CodeIgniter\CodeIgniter->handleRequest(null, Object(Config\Cache), false)
 5 SYSTEMPATH\Boot.php(363): CodeIgniter\CodeIgniter->run()
 6 SYSTEMPATH\Boot.php(68): CodeIgniter\Boot::runCodeIgniter(Object(CodeIgniter\CodeIgniter))
 7 FCPATH\index.php(59): CodeIgniter\Boot::bootWeb(Object(Config\Paths))
 8 SYSTEMPATH\rewrite.php(44): require_once('D:\\codeigniter4_framework\\public\\index.php')
CRITICAL - 2025-09-15 02:33:08 --> ErrorException: Trying to access array offset on value of type null
[Method: POST, Route: auth]
in APPPATH\Controllers\Post_User.php on line 26.
 1 APPPATH\Controllers\Post_User.php(26): CodeIgniter\Debug\Exceptions->errorHandler(2, 'Trying to access array offset on value of type null', 'D:\\codeigniter4_framework\\app\\Controllers\\Post_User.php', 26)
 2 SYSTEMPATH\CodeIgniter.php(933): App\Controllers\Post_User->compare()
 3 SYSTEMPATH\CodeIgniter.php(507): CodeIgniter\CodeIgniter->runController(Object(App\Controllers\Post_User))
 4 SYSTEMPATH\CodeIgniter.php(354): CodeIgniter\CodeIgniter->handleRequest(null, Object(Config\Cache), false)
 5 SYSTEMPATH\Boot.php(363): CodeIgniter\CodeIgniter->run()
 6 SYSTEMPATH\Boot.php(68): CodeIgniter\Boot::runCodeIgniter(Object(CodeIgniter\CodeIgniter))
 7 FCPATH\index.php(59): CodeIgniter\Boot::bootWeb(Object(Config\Paths))
 8 SYSTEMPATH\rewrite.php(44): require_once('D:\\codeigniter4_framework\\public\\index.php')
CRITICAL - 2025-09-15 02:35:27 --> ErrorException: Trying to access array offset on value of type null
[Method: POST, Route: auth]
in APPPATH\Controllers\Post_User.php on line 26.
 1 APPPATH\Controllers\Post_User.php(26): CodeIgniter\Debug\Exceptions->errorHandler(2, 'Trying to access array offset on value of type null', 'D:\\codeigniter4_framework\\app\\Controllers\\Post_User.php', 26)
 2 SYSTEMPATH\CodeIgniter.php(933): App\Controllers\Post_User->compare()
 3 SYSTEMPATH\CodeIgniter.php(507): CodeIgniter\CodeIgniter->runController(Object(App\Controllers\Post_User))
 4 SYSTEMPATH\CodeIgniter.php(354): CodeIgniter\CodeIgniter->handleRequest(null, Object(Config\Cache), false)
 5 SYSTEMPATH\Boot.php(363): CodeIgniter\CodeIgniter->run()
 6 SYSTEMPATH\Boot.php(68): CodeIgniter\Boot::runCodeIgniter(Object(CodeIgniter\CodeIgniter))
 7 FCPATH\index.php(59): CodeIgniter\Boot::bootWeb(Object(Config\Paths))
 8 SYSTEMPATH\rewrite.php(44): require_once('D:\\codeigniter4_framework\\public\\index.php')
CRITICAL - 2025-09-15 02:48:57 --> CodeIgniter\Exceptions\BadMethodCallException: Call to undefined method App\Models\Data_Login::findFirst
[Method: POST, Route: auth]
in SYSTEMPATH\Model.php on line 927.
 1 APPPATH\Controllers\Post_User.php(24): CodeIgniter\Model->__call('findFirst', [])
 2 SYSTEMPATH\CodeIgniter.php(933): App\Controllers\Post_User->compare()
 3 SYSTEMPATH\CodeIgniter.php(507): CodeIgniter\CodeIgniter->runController(Object(App\Controllers\Post_User))
 4 SYSTEMPATH\CodeIgniter.php(354): CodeIgniter\CodeIgniter->handleRequest(null, Object(Config\Cache), false)
 5 SYSTEMPATH\Boot.php(363): CodeIgniter\CodeIgniter->run()
 6 SYSTEMPATH\Boot.php(68): CodeIgniter\Boot::runCodeIgniter(Object(CodeIgniter\CodeIgniter))
 7 FCPATH\index.php(59): CodeIgniter\Boot::bootWeb(Object(Config\Paths))
 8 SYSTEMPATH\rewrite.php(44): require_once('D:\\codeigniter4_framework\\public\\index.php')
CRITICAL - 2025-09-15 02:51:24 --> ErrorException: Trying to access array offset on value of type null
[Method: POST, Route: auth]
in APPPATH\Controllers\Post_User.php on line 26.
 1 APPPATH\Controllers\Post_User.php(26): CodeIgniter\Debug\Exceptions->errorHandler(2, 'Trying to access array offset on value of type null', 'D:\\codeigniter4_framework\\app\\Controllers\\Post_User.php', 26)
 2 SYSTEMPATH\CodeIgniter.php(933): App\Controllers\Post_User->compare()
 3 SYSTEMPATH\CodeIgniter.php(507): CodeIgniter\CodeIgniter->runController(Object(App\Controllers\Post_User))
 4 SYSTEMPATH\CodeIgniter.php(354): CodeIgniter\CodeIgniter->handleRequest(null, Object(Config\Cache), false)
 5 SYSTEMPATH\Boot.php(363): CodeIgniter\CodeIgniter->run()
 6 SYSTEMPATH\Boot.php(68): CodeIgniter\Boot::runCodeIgniter(Object(CodeIgniter\CodeIgniter))
 7 FCPATH\index.php(59): CodeIgniter\Boot::bootWeb(Object(Config\Paths))
 8 SYSTEMPATH\rewrite.php(44): require_once('D:\\codeigniter4_framework\\public\\index.php')
CRITICAL - 2025-09-15 03:04:48 --> ParseError: syntax error, unexpected identifier "masuk", expecting "," or ";"
[Method: POST, Route: auth]
in APPPATH\Controllers\Post_User.php on line 15.
 1 SYSTEMPATH\Autoloader\Autoloader.php(295): CodeIgniter\Autoloader\Autoloader->includeFile('D:\\codeigniter4_framework\\app\\Controllers\\Post_User.php')
 2 SYSTEMPATH\Autoloader\Autoloader.php(271): CodeIgniter\Autoloader\Autoloader->loadInNamespace('App\\Controllers\\Post_User')
 3 [internal function]: CodeIgniter\Autoloader\Autoloader->loadClass('App\\Controllers\\Post_User')
 4 SYSTEMPATH\CodeIgniter.php(885): class_exists('\\App\\Controllers\\Post_User', true)
 5 SYSTEMPATH\CodeIgniter.php(494): CodeIgniter\CodeIgniter->startController()
 6 SYSTEMPATH\CodeIgniter.php(354): CodeIgniter\CodeIgniter->handleRequest(null, Object(Config\Cache), false)
 7 SYSTEMPATH\Boot.php(363): CodeIgniter\CodeIgniter->run()
 8 SYSTEMPATH\Boot.php(68): CodeIgniter\Boot::runCodeIgniter(Object(CodeIgniter\CodeIgniter))
 9 FCPATH\index.php(59): CodeIgniter\Boot::bootWeb(Object(Config\Paths))
10 SYSTEMPATH\rewrite.php(44): require_once('D:\\codeigniter4_framework\\public\\index.php')
CRITICAL - 2025-09-15 03:12:55 --> ParseError: syntax error, unexpected string content "", expecting "-" or identifier or variable or number
[Method: POST, Route: auth]
in APPPATH\Controllers\Post_User.php on line 15.
 1 SYSTEMPATH\Autoloader\Autoloader.php(295): CodeIgniter\Autoloader\Autoloader->includeFile('D:\\codeigniter4_framework\\app\\Controllers\\Post_User.php')
 2 SYSTEMPATH\Autoloader\Autoloader.php(271): CodeIgniter\Autoloader\Autoloader->loadInNamespace('App\\Controllers\\Post_User')
 3 [internal function]: CodeIgniter\Autoloader\Autoloader->loadClass('App\\Controllers\\Post_User')
 4 SYSTEMPATH\CodeIgniter.php(885): class_exists('\\App\\Controllers\\Post_User', true)
 5 SYSTEMPATH\CodeIgniter.php(494): CodeIgniter\CodeIgniter->startController()
 6 SYSTEMPATH\CodeIgniter.php(354): CodeIgniter\CodeIgniter->handleRequest(null, Object(Config\Cache), false)
 7 SYSTEMPATH\Boot.php(363): CodeIgniter\CodeIgniter->run()
 8 SYSTEMPATH\Boot.php(68): CodeIgniter\Boot::runCodeIgniter(Object(CodeIgniter\CodeIgniter))
 9 FCPATH\index.php(59): CodeIgniter\Boot::bootWeb(Object(Config\Paths))
10 SYSTEMPATH\rewrite.php(44): require_once('D:\\codeigniter4_framework\\public\\index.php')
CRITICAL - 2025-09-15 03:33:41 --> ErrorException: Trying to access array offset on value of type null
[Method: POST, Route: auth]
in APPPATH\Controllers\Post_User.php on line 27.
 1 APPPATH\Controllers\Post_User.php(27): CodeIgniter\Debug\Exceptions->errorHandler(2, 'Trying to access array offset on value of type null', 'D:\\codeigniter4_framework\\app\\Controllers\\Post_User.php', 27)
 2 SYSTEMPATH\CodeIgniter.php(933): App\Controllers\Post_User->compare()
 3 SYSTEMPATH\CodeIgniter.php(507): CodeIgniter\CodeIgniter->runController(Object(App\Controllers\Post_User))
 4 SYSTEMPATH\CodeIgniter.php(354): CodeIgniter\CodeIgniter->handleRequest(null, Object(Config\Cache), false)
 5 SYSTEMPATH\Boot.php(363): CodeIgniter\CodeIgniter->run()
 6 SYSTEMPATH\Boot.php(68): CodeIgniter\Boot::runCodeIgniter(Object(CodeIgniter\CodeIgniter))
 7 FCPATH\index.php(59): CodeIgniter\Boot::bootWeb(Object(Config\Paths))
 8 SYSTEMPATH\rewrite.php(44): require_once('D:\\codeigniter4_framework\\public\\index.php')
CRITICAL - 2025-09-15 03:42:15 --> ErrorException: Cannot use isset() on the result of an expression (you can use "null !== expression" instead)
[Method: POST, Route: auth]
in APPPATH\Controllers\Post_User.php on line 27.
 1 [internal function]: CodeIgniter\Debug\Exceptions->shutdownHandler()
CRITICAL - 2025-09-15 03:42:17 --> ErrorException: Cannot use isset() on the result of an expression (you can use "null !== expression" instead)
[Method: POST, Route: auth]
in APPPATH\Controllers\Post_User.php on line 27.
 1 [internal function]: CodeIgniter\Debug\Exceptions->shutdownHandler()
CRITICAL - 2025-09-15 03:44:07 --> ParseError: syntax error, unexpected string content "", expecting "-" or identifier or variable or number
[Method: POST, Route: auth]
in APPPATH\Controllers\Post_User.php on line 27.
 1 SYSTEMPATH\Autoloader\Autoloader.php(295): CodeIgniter\Autoloader\Autoloader->includeFile('D:\\codeigniter4_framework\\app\\Controllers\\Post_User.php')
 2 SYSTEMPATH\Autoloader\Autoloader.php(271): CodeIgniter\Autoloader\Autoloader->loadInNamespace('App\\Controllers\\Post_User')
 3 [internal function]: CodeIgniter\Autoloader\Autoloader->loadClass('App\\Controllers\\Post_User')
 4 SYSTEMPATH\CodeIgniter.php(885): class_exists('\\App\\Controllers\\Post_User', true)
 5 SYSTEMPATH\CodeIgniter.php(494): CodeIgniter\CodeIgniter->startController()
 6 SYSTEMPATH\CodeIgniter.php(354): CodeIgniter\CodeIgniter->handleRequest(null, Object(Config\Cache), false)
 7 SYSTEMPATH\Boot.php(363): CodeIgniter\CodeIgniter->run()
 8 SYSTEMPATH\Boot.php(68): CodeIgniter\Boot::runCodeIgniter(Object(CodeIgniter\CodeIgniter))
 9 FCPATH\index.php(59): CodeIgniter\Boot::bootWeb(Object(Config\Paths))
10 SYSTEMPATH\rewrite.php(44): require_once('D:\\codeigniter4_framework\\public\\index.php')
CRITICAL - 2025-09-15 03:44:43 --> ParseError: syntax error, unexpected double-quote mark, expecting "-" or identifier or variable or number
[Method: POST, Route: auth]
in APPPATH\Controllers\Post_User.php on line 27.
 1 SYSTEMPATH\Autoloader\Autoloader.php(295): CodeIgniter\Autoloader\Autoloader->includeFile('D:\\codeigniter4_framework\\app\\Controllers\\Post_User.php')
 2 SYSTEMPATH\Autoloader\Autoloader.php(271): CodeIgniter\Autoloader\Autoloader->loadInNamespace('App\\Controllers\\Post_User')
 3 [internal function]: CodeIgniter\Autoloader\Autoloader->loadClass('App\\Controllers\\Post_User')
 4 SYSTEMPATH\CodeIgniter.php(885): class_exists('\\App\\Controllers\\Post_User', true)
 5 SYSTEMPATH\CodeIgniter.php(494): CodeIgniter\CodeIgniter->startController()
 6 SYSTEMPATH\CodeIgniter.php(354): CodeIgniter\CodeIgniter->handleRequest(null, Object(Config\Cache), false)
 7 SYSTEMPATH\Boot.php(363): CodeIgniter\CodeIgniter->run()
 8 SYSTEMPATH\Boot.php(68): CodeIgniter\Boot::runCodeIgniter(Object(CodeIgniter\CodeIgniter))
 9 FCPATH\index.php(59): CodeIgniter\Boot::bootWeb(Object(Config\Paths))
10 SYSTEMPATH\rewrite.php(44): require_once('D:\\codeigniter4_framework\\public\\index.php')
CRITICAL - 2025-09-15 03:45:00 --> ParseError: syntax error, unexpected string content "", expecting "-" or identifier or variable or number
[Method: POST, Route: auth]
in APPPATH\Controllers\Post_User.php on line 27.
 1 SYSTEMPATH\Autoloader\Autoloader.php(295): CodeIgniter\Autoloader\Autoloader->includeFile('D:\\codeigniter4_framework\\app\\Controllers\\Post_User.php')
 2 SYSTEMPATH\Autoloader\Autoloader.php(271): CodeIgniter\Autoloader\Autoloader->loadInNamespace('App\\Controllers\\Post_User')
 3 [internal function]: CodeIgniter\Autoloader\Autoloader->loadClass('App\\Controllers\\Post_User')
 4 SYSTEMPATH\CodeIgniter.php(885): class_exists('\\App\\Controllers\\Post_User', true)
 5 SYSTEMPATH\CodeIgniter.php(494): CodeIgniter\CodeIgniter->startController()
 6 SYSTEMPATH\CodeIgniter.php(354): CodeIgniter\CodeIgniter->handleRequest(null, Object(Config\Cache), false)
 7 SYSTEMPATH\Boot.php(363): CodeIgniter\CodeIgniter->run()
 8 SYSTEMPATH\Boot.php(68): CodeIgniter\Boot::runCodeIgniter(Object(CodeIgniter\CodeIgniter))
 9 FCPATH\index.php(59): CodeIgniter\Boot::bootWeb(Object(Config\Paths))
10 SYSTEMPATH\rewrite.php(44): require_once('D:\\codeigniter4_framework\\public\\index.php')
CRITICAL - 2025-09-15 03:47:49 --> ParseError: syntax error, unexpected string content "", expecting "-" or identifier or variable or number
[Method: POST, Route: auth]
in APPPATH\Controllers\Post_User.php on line 27.
 1 SYSTEMPATH\Autoloader\Autoloader.php(295): CodeIgniter\Autoloader\Autoloader->includeFile('D:\\codeigniter4_framework\\app\\Controllers\\Post_User.php')
 2 SYSTEMPATH\Autoloader\Autoloader.php(271): CodeIgniter\Autoloader\Autoloader->loadInNamespace('App\\Controllers\\Post_User')
 3 [internal function]: CodeIgniter\Autoloader\Autoloader->loadClass('App\\Controllers\\Post_User')
 4 SYSTEMPATH\CodeIgniter.php(885): class_exists('\\App\\Controllers\\Post_User', true)
 5 SYSTEMPATH\CodeIgniter.php(494): CodeIgniter\CodeIgniter->startController()
 6 SYSTEMPATH\CodeIgniter.php(354): CodeIgniter\CodeIgniter->handleRequest(null, Object(Config\Cache), false)
 7 SYSTEMPATH\Boot.php(363): CodeIgniter\CodeIgniter->run()
 8 SYSTEMPATH\Boot.php(68): CodeIgniter\Boot::runCodeIgniter(Object(CodeIgniter\CodeIgniter))
 9 FCPATH\index.php(59): CodeIgniter\Boot::bootWeb(Object(Config\Paths))
10 SYSTEMPATH\rewrite.php(44): require_once('D:\\codeigniter4_framework\\public\\index.php')
CRITICAL - 2025-09-15 03:48:03 --> ParseError: syntax error, unexpected string content "", expecting "-" or identifier or variable or number
[Method: POST, Route: auth]
in APPPATH\Controllers\Post_User.php on line 27.
 1 SYSTEMPATH\Autoloader\Autoloader.php(295): CodeIgniter\Autoloader\Autoloader->includeFile('D:\\codeigniter4_framework\\app\\Controllers\\Post_User.php')
 2 SYSTEMPATH\Autoloader\Autoloader.php(271): CodeIgniter\Autoloader\Autoloader->loadInNamespace('App\\Controllers\\Post_User')
 3 [internal function]: CodeIgniter\Autoloader\Autoloader->loadClass('App\\Controllers\\Post_User')
 4 SYSTEMPATH\CodeIgniter.php(885): class_exists('\\App\\Controllers\\Post_User', true)
 5 SYSTEMPATH\CodeIgniter.php(494): CodeIgniter\CodeIgniter->startController()
 6 SYSTEMPATH\CodeIgniter.php(354): CodeIgniter\CodeIgniter->handleRequest(null, Object(Config\Cache), false)
 7 SYSTEMPATH\Boot.php(363): CodeIgniter\CodeIgniter->run()
 8 SYSTEMPATH\Boot.php(68): CodeIgniter\Boot::runCodeIgniter(Object(CodeIgniter\CodeIgniter))
 9 FCPATH\index.php(59): CodeIgniter\Boot::bootWeb(Object(Config\Paths))
10 SYSTEMPATH\rewrite.php(44): require_once('D:\\codeigniter4_framework\\public\\index.php')
CRITICAL - 2025-09-15 03:48:53 --> ErrorException: Trying to access array offset on value of type null
[Method: POST, Route: auth]
in APPPATH\Controllers\Post_User.php on line 27.
 1 APPPATH\Controllers\Post_User.php(27): CodeIgniter\Debug\Exceptions->errorHandler(2, 'Trying to access array offset on value of type null', 'D:\\codeigniter4_framework\\app\\Controllers\\Post_User.php', 27)
 2 SYSTEMPATH\CodeIgniter.php(933): App\Controllers\Post_User->compare()
 3 SYSTEMPATH\CodeIgniter.php(507): CodeIgniter\CodeIgniter->runController(Object(App\Controllers\Post_User))
 4 SYSTEMPATH\CodeIgniter.php(354): CodeIgniter\CodeIgniter->handleRequest(null, Object(Config\Cache), false)
 5 SYSTEMPATH\Boot.php(363): CodeIgniter\CodeIgniter->run()
 6 SYSTEMPATH\Boot.php(68): CodeIgniter\Boot::runCodeIgniter(Object(CodeIgniter\CodeIgniter))
 7 FCPATH\index.php(59): CodeIgniter\Boot::bootWeb(Object(Config\Paths))
 8 SYSTEMPATH\rewrite.php(44): require_once('D:\\codeigniter4_framework\\public\\index.php')
CRITICAL - 2025-09-15 04:02:49 --> ParseError: syntax error, unexpected variable "$data_login"
[Method: POST, Route: auth]
in APPPATH\Controllers\Post_User.php on line 28.
 1 SYSTEMPATH\Autoloader\Autoloader.php(295): CodeIgniter\Autoloader\Autoloader->includeFile('D:\\codeigniter4_framework\\app\\Controllers\\Post_User.php')
 2 SYSTEMPATH\Autoloader\Autoloader.php(271): CodeIgniter\Autoloader\Autoloader->loadInNamespace('App\\Controllers\\Post_User')
 3 [internal function]: CodeIgniter\Autoloader\Autoloader->loadClass('App\\Controllers\\Post_User')
 4 SYSTEMPATH\CodeIgniter.php(885): class_exists('\\App\\Controllers\\Post_User', true)
 5 SYSTEMPATH\CodeIgniter.php(494): CodeIgniter\CodeIgniter->startController()
 6 SYSTEMPATH\CodeIgniter.php(354): CodeIgniter\CodeIgniter->handleRequest(null, Object(Config\Cache), false)
 7 SYSTEMPATH\Boot.php(363): CodeIgniter\CodeIgniter->run()
 8 SYSTEMPATH\Boot.php(68): CodeIgniter\Boot::runCodeIgniter(Object(CodeIgniter\CodeIgniter))
 9 FCPATH\index.php(59): CodeIgniter\Boot::bootWeb(Object(Config\Paths))
10 SYSTEMPATH\rewrite.php(44): require_once('D:\\codeigniter4_framework\\public\\index.php')
CRITICAL - 2025-09-15 04:04:00 --> ParseError: syntax error, unexpected variable "$data_login"
[Method: POST, Route: auth]
in APPPATH\Controllers\Post_User.php on line 28.
 1 SYSTEMPATH\Autoloader\Autoloader.php(295): CodeIgniter\Autoloader\Autoloader->includeFile('D:\\codeigniter4_framework\\app\\Controllers\\Post_User.php')
 2 SYSTEMPATH\Autoloader\Autoloader.php(271): CodeIgniter\Autoloader\Autoloader->loadInNamespace('App\\Controllers\\Post_User')
 3 [internal function]: CodeIgniter\Autoloader\Autoloader->loadClass('App\\Controllers\\Post_User')
 4 SYSTEMPATH\CodeIgniter.php(885): class_exists('\\App\\Controllers\\Post_User', true)
 5 SYSTEMPATH\CodeIgniter.php(494): CodeIgniter\CodeIgniter->startController()
 6 SYSTEMPATH\CodeIgniter.php(354): CodeIgniter\CodeIgniter->handleRequest(null, Object(Config\Cache), false)
 7 SYSTEMPATH\Boot.php(363): CodeIgniter\CodeIgniter->run()
 8 SYSTEMPATH\Boot.php(68): CodeIgniter\Boot::runCodeIgniter(Object(CodeIgniter\CodeIgniter))
 9 FCPATH\index.php(59): CodeIgniter\Boot::bootWeb(Object(Config\Paths))
10 SYSTEMPATH\rewrite.php(44): require_once('D:\\codeigniter4_framework\\public\\index.php')
CRITICAL - 2025-09-15 04:05:10 --> ParseError: syntax error, unexpected token "if"
[Method: POST, Route: auth]
in APPPATH\Controllers\Post_User.php on line 30.
 1 SYSTEMPATH\Autoloader\Autoloader.php(295): CodeIgniter\Autoloader\Autoloader->includeFile('D:\\codeigniter4_framework\\app\\Controllers\\Post_User.php')
 2 SYSTEMPATH\Autoloader\Autoloader.php(271): CodeIgniter\Autoloader\Autoloader->loadInNamespace('App\\Controllers\\Post_User')
 3 [internal function]: CodeIgniter\Autoloader\Autoloader->loadClass('App\\Controllers\\Post_User')
 4 SYSTEMPATH\CodeIgniter.php(885): class_exists('\\App\\Controllers\\Post_User', true)
 5 SYSTEMPATH\CodeIgniter.php(494): CodeIgniter\CodeIgniter->startController()
 6 SYSTEMPATH\CodeIgniter.php(354): CodeIgniter\CodeIgniter->handleRequest(null, Object(Config\Cache), false)
 7 SYSTEMPATH\Boot.php(363): CodeIgniter\CodeIgniter->run()
 8 SYSTEMPATH\Boot.php(68): CodeIgniter\Boot::runCodeIgniter(Object(CodeIgniter\CodeIgniter))
 9 FCPATH\index.php(59): CodeIgniter\Boot::bootWeb(Object(Config\Paths))
10 SYSTEMPATH\rewrite.php(44): require_once('D:\\codeigniter4_framework\\public\\index.php')
CRITICAL - 2025-09-15 04:12:58 --> ParseError: syntax error, unexpected token "if"
[Method: POST, Route: auth]
in APPPATH\Controllers\Post_User.php on line 30.
 1 SYSTEMPATH\Autoloader\Autoloader.php(295): CodeIgniter\Autoloader\Autoloader->includeFile('D:\\codeigniter4_framework\\app\\Controllers\\Post_User.php')
 2 SYSTEMPATH\Autoloader\Autoloader.php(271): CodeIgniter\Autoloader\Autoloader->loadInNamespace('App\\Controllers\\Post_User')
 3 [internal function]: CodeIgniter\Autoloader\Autoloader->loadClass('App\\Controllers\\Post_User')
 4 SYSTEMPATH\CodeIgniter.php(885): class_exists('\\App\\Controllers\\Post_User', true)
 5 SYSTEMPATH\CodeIgniter.php(494): CodeIgniter\CodeIgniter->startController()
 6 SYSTEMPATH\CodeIgniter.php(354): CodeIgniter\CodeIgniter->handleRequest(null, Object(Config\Cache), false)
 7 SYSTEMPATH\Boot.php(363): CodeIgniter\CodeIgniter->run()
 8 SYSTEMPATH\Boot.php(68): CodeIgniter\Boot::runCodeIgniter(Object(CodeIgniter\CodeIgniter))
 9 FCPATH\index.php(59): CodeIgniter\Boot::bootWeb(Object(Config\Paths))
10 SYSTEMPATH\rewrite.php(44): require_once('D:\\codeigniter4_framework\\public\\index.php')
CRITICAL - 2025-09-15 05:55:14 --> ParseError: syntax error, unexpected variable "$routes"
[Method: GET, Route: /]
in APPPATH\Config\Routes.php on line 18.
 1 SYSTEMPATH\CodeIgniter.php(821): CodeIgniter\Router\RouteCollection->loadRoutes()
 2 SYSTEMPATH\CodeIgniter.php(455): CodeIgniter\CodeIgniter->tryToRouteIt(null)
 3 SYSTEMPATH\CodeIgniter.php(354): CodeIgniter\CodeIgniter->handleRequest(null, Object(Config\Cache), false)
 4 SYSTEMPATH\Boot.php(363): CodeIgniter\CodeIgniter->run()
 5 SYSTEMPATH\Boot.php(68): CodeIgniter\Boot::runCodeIgniter(Object(CodeIgniter\CodeIgniter))
 6 FCPATH\index.php(59): CodeIgniter\Boot::bootWeb(Object(Config\Paths))
 7 SYSTEMPATH\rewrite.php(44): require_once('D:\\codeigniter4_framework\\public\\index.php')
CRITICAL - 2025-09-15 05:55:19 --> ParseError: syntax error, unexpected variable "$routes"
[Method: GET, Route: .well-known/appspecific/com.chrome.devtools.json]
in APPPATH\Config\Routes.php on line 18.
 1 SYSTEMPATH\CodeIgniter.php(821): CodeIgniter\Router\RouteCollection->loadRoutes()
 2 SYSTEMPATH\CodeIgniter.php(455): CodeIgniter\CodeIgniter->tryToRouteIt(null)
 3 SYSTEMPATH\CodeIgniter.php(354): CodeIgniter\CodeIgniter->handleRequest(null, Object(Config\Cache), false)
 4 SYSTEMPATH\Boot.php(363): CodeIgniter\CodeIgniter->run()
 5 SYSTEMPATH\Boot.php(68): CodeIgniter\Boot::runCodeIgniter(Object(CodeIgniter\CodeIgniter))
 6 FCPATH\index.php(59): CodeIgniter\Boot::bootWeb(Object(Config\Paths))
 7 SYSTEMPATH\rewrite.php(44): require_once('D:\\codeigniter4_framework\\public\\index.php')
CRITICAL - 2025-09-15 05:55:29 --> ParseError: syntax error, unexpected variable "$routes"
[Method: GET, Route: /]
in APPPATH\Config\Routes.php on line 18.
 1 SYSTEMPATH\CodeIgniter.php(821): CodeIgniter\Router\RouteCollection->loadRoutes()
 2 SYSTEMPATH\CodeIgniter.php(455): CodeIgniter\CodeIgniter->tryToRouteIt(null)
 3 SYSTEMPATH\CodeIgniter.php(354): CodeIgniter\CodeIgniter->handleRequest(null, Object(Config\Cache), false)
 4 SYSTEMPATH\Boot.php(363): CodeIgniter\CodeIgniter->run()
 5 SYSTEMPATH\Boot.php(68): CodeIgniter\Boot::runCodeIgniter(Object(CodeIgniter\CodeIgniter))
 6 FCPATH\index.php(59): CodeIgniter\Boot::bootWeb(Object(Config\Paths))
 7 SYSTEMPATH\rewrite.php(44): require_once('D:\\codeigniter4_framework\\public\\index.php')
CRITICAL - 2025-09-15 05:55:30 --> ParseError: syntax error, unexpected variable "$routes"
[Method: GET, Route: .well-known/appspecific/com.chrome.devtools.json]
in APPPATH\Config\Routes.php on line 18.
 1 SYSTEMPATH\CodeIgniter.php(821): CodeIgniter\Router\RouteCollection->loadRoutes()
 2 SYSTEMPATH\CodeIgniter.php(455): CodeIgniter\CodeIgniter->tryToRouteIt(null)
 3 SYSTEMPATH\CodeIgniter.php(354): CodeIgniter\CodeIgniter->handleRequest(null, Object(Config\Cache), false)
 4 SYSTEMPATH\Boot.php(363): CodeIgniter\CodeIgniter->run()
 5 SYSTEMPATH\Boot.php(68): CodeIgniter\Boot::runCodeIgniter(Object(CodeIgniter\CodeIgniter))
 6 FCPATH\index.php(59): CodeIgniter\Boot::bootWeb(Object(Config\Paths))
 7 SYSTEMPATH\rewrite.php(44): require_once('D:\\codeigniter4_framework\\public\\index.php')
CRITICAL - 2025-09-15 11:21:17 --> ErrorException: Array to string conversion
[Method: POST, Route: auth]
in APPPATH\Controllers\Post_User.php on line 27.
 1 APPPATH\Controllers\Post_User.php(27): CodeIgniter\Debug\Exceptions->errorHandler(2, 'Array to string conversion', 'D:\\codeigniter4_framework\\app\\Controllers\\Post_User.php', 27)
 2 SYSTEMPATH\CodeIgniter.php(933): App\Controllers\Post_User->compare()
 3 SYSTEMPATH\CodeIgniter.php(507): CodeIgniter\CodeIgniter->runController(Object(App\Controllers\Post_User))
 4 SYSTEMPATH\CodeIgniter.php(354): CodeIgniter\CodeIgniter->handleRequest(null, Object(Config\Cache), false)
 5 SYSTEMPATH\Boot.php(363): CodeIgniter\CodeIgniter->run()
 6 SYSTEMPATH\Boot.php(68): CodeIgniter\Boot::runCodeIgniter(Object(CodeIgniter\CodeIgniter))
 7 FCPATH\index.php(59): CodeIgniter\Boot::bootWeb(Object(Config\Paths))
 8 SYSTEMPATH\rewrite.php(44): require_once('D:\\codeigniter4_framework\\public\\index.php')
CRITICAL - 2025-09-15 11:22:28 --> ErrorException: Array to string conversion
[Method: POST, Route: auth]
in APPPATH\Controllers\Post_User.php on line 27.
 1 APPPATH\Controllers\Post_User.php(27): CodeIgniter\Debug\Exceptions->errorHandler(2, 'Array to string conversion', 'D:\\codeigniter4_framework\\app\\Controllers\\Post_User.php', 27)
 2 SYSTEMPATH\CodeIgniter.php(933): App\Controllers\Post_User->compare()
 3 SYSTEMPATH\CodeIgniter.php(507): CodeIgniter\CodeIgniter->runController(Object(App\Controllers\Post_User))
 4 SYSTEMPATH\CodeIgniter.php(354): CodeIgniter\CodeIgniter->handleRequest(null, Object(Config\Cache), false)
 5 SYSTEMPATH\Boot.php(363): CodeIgniter\CodeIgniter->run()
 6 SYSTEMPATH\Boot.php(68): CodeIgniter\Boot::runCodeIgniter(Object(CodeIgniter\CodeIgniter))
 7 FCPATH\index.php(59): CodeIgniter\Boot::bootWeb(Object(Config\Paths))
 8 SYSTEMPATH\rewrite.php(44): require_once('D:\\codeigniter4_framework\\public\\index.php')
CRITICAL - 2025-09-15 11:22:32 --> ErrorException: Array to string conversion
[Method: POST, Route: auth]
in APPPATH\Controllers\Post_User.php on line 27.
 1 APPPATH\Controllers\Post_User.php(27): CodeIgniter\Debug\Exceptions->errorHandler(2, 'Array to string conversion', 'D:\\codeigniter4_framework\\app\\Controllers\\Post_User.php', 27)
 2 SYSTEMPATH\CodeIgniter.php(933): App\Controllers\Post_User->compare()
 3 SYSTEMPATH\CodeIgniter.php(507): CodeIgniter\CodeIgniter->runController(Object(App\Controllers\Post_User))
 4 SYSTEMPATH\CodeIgniter.php(354): CodeIgniter\CodeIgniter->handleRequest(null, Object(Config\Cache), false)
 5 SYSTEMPATH\Boot.php(363): CodeIgniter\CodeIgniter->run()
 6 SYSTEMPATH\Boot.php(68): CodeIgniter\Boot::runCodeIgniter(Object(CodeIgniter\CodeIgniter))
 7 FCPATH\index.php(59): CodeIgniter\Boot::bootWeb(Object(Config\Paths))
 8 SYSTEMPATH\rewrite.php(44): require_once('D:\\codeigniter4_framework\\public\\index.php')
CRITICAL - 2025-09-15 11:29:54 --> ErrorException: Undefined array key "password"
[Method: POST, Route: auth]
in APPPATH\Controllers\Post_User.php on line 26.
 1 APPPATH\Controllers\Post_User.php(26): CodeIgniter\Debug\Exceptions->errorHandler(2, 'Undefined array key "password"', 'D:\\codeigniter4_framework\\app\\Controllers\\Post_User.php', 26)
 2 SYSTEMPATH\CodeIgniter.php(933): App\Controllers\Post_User->compare()
 3 SYSTEMPATH\CodeIgniter.php(507): CodeIgniter\CodeIgniter->runController(Object(App\Controllers\Post_User))
 4 SYSTEMPATH\CodeIgniter.php(354): CodeIgniter\CodeIgniter->handleRequest(null, Object(Config\Cache), false)
 5 SYSTEMPATH\Boot.php(363): CodeIgniter\CodeIgniter->run()
 6 SYSTEMPATH\Boot.php(68): CodeIgniter\Boot::runCodeIgniter(Object(CodeIgniter\CodeIgniter))
 7 FCPATH\index.php(59): CodeIgniter\Boot::bootWeb(Object(Config\Paths))
 8 SYSTEMPATH\rewrite.php(44): require_once('D:\\codeigniter4_framework\\public\\index.php')
CRITICAL - 2025-09-15 11:30:14 --> ErrorException: Trying to access array offset on value of type null
[Method: POST, Route: auth]
in APPPATH\Controllers\Post_User.php on line 27.
 1 APPPATH\Controllers\Post_User.php(27): CodeIgniter\Debug\Exceptions->errorHandler(2, 'Trying to access array offset on value of type null', 'D:\\codeigniter4_framework\\app\\Controllers\\Post_User.php', 27)
 2 SYSTEMPATH\CodeIgniter.php(933): App\Controllers\Post_User->compare()
 3 SYSTEMPATH\CodeIgniter.php(507): CodeIgniter\CodeIgniter->runController(Object(App\Controllers\Post_User))
 4 SYSTEMPATH\CodeIgniter.php(354): CodeIgniter\CodeIgniter->handleRequest(null, Object(Config\Cache), false)
 5 SYSTEMPATH\Boot.php(363): CodeIgniter\CodeIgniter->run()
 6 SYSTEMPATH\Boot.php(68): CodeIgniter\Boot::runCodeIgniter(Object(CodeIgniter\CodeIgniter))
 7 FCPATH\index.php(59): CodeIgniter\Boot::bootWeb(Object(Config\Paths))
 8 SYSTEMPATH\rewrite.php(44): require_once('D:\\codeigniter4_framework\\public\\index.php')
CRITICAL - 2025-09-15 12:40:58 --> ErrorException: Trying to access array offset on value of type null
[Method: POST, Route: auth]
in APPPATH\Controllers\Post_User.php on line 27.
 1 APPPATH\Controllers\Post_User.php(27): CodeIgniter\Debug\Exceptions->errorHandler(2, 'Trying to access array offset on value of type null', 'D:\\codeigniter4_framework\\app\\Controllers\\Post_User.php', 27)
 2 SYSTEMPATH\CodeIgniter.php(933): App\Controllers\Post_User->compare()
 3 SYSTEMPATH\CodeIgniter.php(507): CodeIgniter\CodeIgniter->runController(Object(App\Controllers\Post_User))
 4 SYSTEMPATH\CodeIgniter.php(354): CodeIgniter\CodeIgniter->handleRequest(null, Object(Config\Cache), false)
 5 SYSTEMPATH\Boot.php(363): CodeIgniter\CodeIgniter->run()
 6 SYSTEMPATH\Boot.php(68): CodeIgniter\Boot::runCodeIgniter(Object(CodeIgniter\CodeIgniter))
 7 FCPATH\index.php(59): CodeIgniter\Boot::bootWeb(Object(Config\Paths))
 8 SYSTEMPATH\rewrite.php(44): require_once('D:\\codeigniter4_framework\\public\\index.php')
CRITICAL - 2025-09-15 23:26:47 --> ErrorException: Trying to access array offset on value of type null
[Method: POST, Route: auth]
in APPPATH\Controllers\Post_User.php on line 27.
 1 APPPATH\Controllers\Post_User.php(27): CodeIgniter\Debug\Exceptions->errorHandler(2, 'Trying to access array offset on value of type null', 'D:\\codeigniter4_framework\\app\\Controllers\\Post_User.php', 27)
 2 SYSTEMPATH\CodeIgniter.php(933): App\Controllers\Post_User->compare()
 3 SYSTEMPATH\CodeIgniter.php(507): CodeIgniter\CodeIgniter->runController(Object(App\Controllers\Post_User))
 4 SYSTEMPATH\CodeIgniter.php(354): CodeIgniter\CodeIgniter->handleRequest(null, Object(Config\Cache), false)
 5 SYSTEMPATH\Boot.php(363): CodeIgniter\CodeIgniter->run()
 6 SYSTEMPATH\Boot.php(68): CodeIgniter\Boot::runCodeIgniter(Object(CodeIgniter\CodeIgniter))
 7 FCPATH\index.php(59): CodeIgniter\Boot::bootWeb(Object(Config\Paths))
 8 SYSTEMPATH\rewrite.php(44): require_once('D:\\codeigniter4_framework\\public\\index.php')
CRITICAL - 2025-09-15 23:26:55 --> ErrorException: Trying to access array offset on value of type null
[Method: POST, Route: auth]
in APPPATH\Controllers\Post_User.php on line 27.
 1 APPPATH\Controllers\Post_User.php(27): CodeIgniter\Debug\Exceptions->errorHandler(2, 'Trying to access array offset on value of type null', 'D:\\codeigniter4_framework\\app\\Controllers\\Post_User.php', 27)
 2 SYSTEMPATH\CodeIgniter.php(933): App\Controllers\Post_User->compare()
 3 SYSTEMPATH\CodeIgniter.php(507): CodeIgniter\CodeIgniter->runController(Object(App\Controllers\Post_User))
 4 SYSTEMPATH\CodeIgniter.php(354): CodeIgniter\CodeIgniter->handleRequest(null, Object(Config\Cache), false)
 5 SYSTEMPATH\Boot.php(363): CodeIgniter\CodeIgniter->run()
 6 SYSTEMPATH\Boot.php(68): CodeIgniter\Boot::runCodeIgniter(Object(CodeIgniter\CodeIgniter))
 7 FCPATH\index.php(59): CodeIgniter\Boot::bootWeb(Object(Config\Paths))
 8 SYSTEMPATH\rewrite.php(44): require_once('D:\\codeigniter4_framework\\public\\index.php')
CRITICAL - 2025-09-15 23:29:02 --> ParseError: syntax error, unexpected token "if", expecting "," or ";"
[Method: POST, Route: auth]
in APPPATH\Controllers\Post_User.php on line 28.
 1 SYSTEMPATH\Autoloader\Autoloader.php(295): CodeIgniter\Autoloader\Autoloader->includeFile('D:\\codeigniter4_framework\\app\\Controllers\\Post_User.php')
 2 SYSTEMPATH\Autoloader\Autoloader.php(271): CodeIgniter\Autoloader\Autoloader->loadInNamespace('App\\Controllers\\Post_User')
 3 [internal function]: CodeIgniter\Autoloader\Autoloader->loadClass('App\\Controllers\\Post_User')
 4 SYSTEMPATH\CodeIgniter.php(885): class_exists('\\App\\Controllers\\Post_User', true)
 5 SYSTEMPATH\CodeIgniter.php(494): CodeIgniter\CodeIgniter->startController()
 6 SYSTEMPATH\CodeIgniter.php(354): CodeIgniter\CodeIgniter->handleRequest(null, Object(Config\Cache), false)
 7 SYSTEMPATH\Boot.php(363): CodeIgniter\CodeIgniter->run()
 8 SYSTEMPATH\Boot.php(68): CodeIgniter\Boot::runCodeIgniter(Object(CodeIgniter\CodeIgniter))
 9 FCPATH\index.php(59): CodeIgniter\Boot::bootWeb(Object(Config\Paths))
10 SYSTEMPATH\rewrite.php(44): require_once('D:\\codeigniter4_framework\\public\\index.php')
CRITICAL - 2025-09-15 23:29:21 --> ErrorException: Attempt to read property "role" on null
[Method: POST, Route: auth]
in APPPATH\Controllers\Post_User.php on line 27.
 1 APPPATH\Controllers\Post_User.php(27): CodeIgniter\Debug\Exceptions->errorHandler(2, 'Attempt to read property "role" on null', 'D:\\codeigniter4_framework\\app\\Controllers\\Post_User.php', 27)
 2 SYSTEMPATH\CodeIgniter.php(933): App\Controllers\Post_User->compare()
 3 SYSTEMPATH\CodeIgniter.php(507): CodeIgniter\CodeIgniter->runController(Object(App\Controllers\Post_User))
 4 SYSTEMPATH\CodeIgniter.php(354): CodeIgniter\CodeIgniter->handleRequest(null, Object(Config\Cache), false)
 5 SYSTEMPATH\Boot.php(363): CodeIgniter\CodeIgniter->run()
 6 SYSTEMPATH\Boot.php(68): CodeIgniter\Boot::runCodeIgniter(Object(CodeIgniter\CodeIgniter))
 7 FCPATH\index.php(59): CodeIgniter\Boot::bootWeb(Object(Config\Paths))
 8 SYSTEMPATH\rewrite.php(44): require_once('D:\\codeigniter4_framework\\public\\index.php')
CRITICAL - 2025-09-15 23:41:43 --> ErrorException: Trying to access array offset on value of type null
[Method: POST, Route: auth]
in APPPATH\Controllers\Post_User.php on line 27.
 1 APPPATH\Controllers\Post_User.php(27): CodeIgniter\Debug\Exceptions->errorHandler(2, 'Trying to access array offset on value of type null', 'D:\\codeigniter4_framework\\app\\Controllers\\Post_User.php', 27)
 2 SYSTEMPATH\CodeIgniter.php(933): App\Controllers\Post_User->compare()
 3 SYSTEMPATH\CodeIgniter.php(507): CodeIgniter\CodeIgniter->runController(Object(App\Controllers\Post_User))
 4 SYSTEMPATH\CodeIgniter.php(354): CodeIgniter\CodeIgniter->handleRequest(null, Object(Config\Cache), false)
 5 SYSTEMPATH\Boot.php(363): CodeIgniter\CodeIgniter->run()
 6 SYSTEMPATH\Boot.php(68): CodeIgniter\Boot::runCodeIgniter(Object(CodeIgniter\CodeIgniter))
 7 FCPATH\index.php(59): CodeIgniter\Boot::bootWeb(Object(Config\Paths))
 8 SYSTEMPATH\rewrite.php(44): require_once('D:\\codeigniter4_framework\\public\\index.php')
CRITICAL - 2025-09-15 23:41:44 --> ErrorException: Trying to access array offset on value of type null
[Method: POST, Route: auth]
in APPPATH\Controllers\Post_User.php on line 27.
 1 APPPATH\Controllers\Post_User.php(27): CodeIgniter\Debug\Exceptions->errorHandler(2, 'Trying to access array offset on value of type null', 'D:\\codeigniter4_framework\\app\\Controllers\\Post_User.php', 27)
 2 SYSTEMPATH\CodeIgniter.php(933): App\Controllers\Post_User->compare()
 3 SYSTEMPATH\CodeIgniter.php(507): CodeIgniter\CodeIgniter->runController(Object(App\Controllers\Post_User))
 4 SYSTEMPATH\CodeIgniter.php(354): CodeIgniter\CodeIgniter->handleRequest(null, Object(Config\Cache), false)
 5 SYSTEMPATH\Boot.php(363): CodeIgniter\CodeIgniter->run()
 6 SYSTEMPATH\Boot.php(68): CodeIgniter\Boot::runCodeIgniter(Object(CodeIgniter\CodeIgniter))
 7 FCPATH\index.php(59): CodeIgniter\Boot::bootWeb(Object(Config\Paths))
 8 SYSTEMPATH\rewrite.php(44): require_once('D:\\codeigniter4_framework\\public\\index.php')
CRITICAL - 2025-09-15 23:41:51 --> ErrorException: Trying to access array offset on value of type null
[Method: POST, Route: auth]
in APPPATH\Controllers\Post_User.php on line 27.
 1 APPPATH\Controllers\Post_User.php(27): CodeIgniter\Debug\Exceptions->errorHandler(2, 'Trying to access array offset on value of type null', 'D:\\codeigniter4_framework\\app\\Controllers\\Post_User.php', 27)
 2 SYSTEMPATH\CodeIgniter.php(933): App\Controllers\Post_User->compare()
 3 SYSTEMPATH\CodeIgniter.php(507): CodeIgniter\CodeIgniter->runController(Object(App\Controllers\Post_User))
 4 SYSTEMPATH\CodeIgniter.php(354): CodeIgniter\CodeIgniter->handleRequest(null, Object(Config\Cache), false)
 5 SYSTEMPATH\Boot.php(363): CodeIgniter\CodeIgniter->run()
 6 SYSTEMPATH\Boot.php(68): CodeIgniter\Boot::runCodeIgniter(Object(CodeIgniter\CodeIgniter))
 7 FCPATH\index.php(59): CodeIgniter\Boot::bootWeb(Object(Config\Paths))
 8 SYSTEMPATH\rewrite.php(44): require_once('D:\\codeigniter4_framework\\public\\index.php')
CRITICAL - 2025-09-15 23:46:10 --> ErrorException: Trying to access array offset on value of type null
[Method: POST, Route: auth]
in APPPATH\Controllers\Post_User.php on line 27.
 1 APPPATH\Controllers\Post_User.php(27): CodeIgniter\Debug\Exceptions->errorHandler(2, 'Trying to access array offset on value of type null', 'D:\\codeigniter4_framework\\app\\Controllers\\Post_User.php', 27)
 2 SYSTEMPATH\CodeIgniter.php(933): App\Controllers\Post_User->compare()
 3 SYSTEMPATH\CodeIgniter.php(507): CodeIgniter\CodeIgniter->runController(Object(App\Controllers\Post_User))
 4 SYSTEMPATH\CodeIgniter.php(354): CodeIgniter\CodeIgniter->handleRequest(null, Object(Config\Cache), false)
 5 SYSTEMPATH\Boot.php(363): CodeIgniter\CodeIgniter->run()
 6 SYSTEMPATH\Boot.php(68): CodeIgniter\Boot::runCodeIgniter(Object(CodeIgniter\CodeIgniter))
 7 FCPATH\index.php(59): CodeIgniter\Boot::bootWeb(Object(Config\Paths))
 8 SYSTEMPATH\rewrite.php(44): require_once('D:\\codeigniter4_framework\\public\\index.php')
CRITICAL - 2025-09-15 23:46:25 --> ErrorException: Trying to access array offset on value of type null
[Method: POST, Route: auth]
in APPPATH\Controllers\Post_User.php on line 27.
 1 APPPATH\Controllers\Post_User.php(27): CodeIgniter\Debug\Exceptions->errorHandler(2, 'Trying to access array offset on value of type null', 'D:\\codeigniter4_framework\\app\\Controllers\\Post_User.php', 27)
 2 SYSTEMPATH\CodeIgniter.php(933): App\Controllers\Post_User->compare()
 3 SYSTEMPATH\CodeIgniter.php(507): CodeIgniter\CodeIgniter->runController(Object(App\Controllers\Post_User))
 4 SYSTEMPATH\CodeIgniter.php(354): CodeIgniter\CodeIgniter->handleRequest(null, Object(Config\Cache), false)
 5 SYSTEMPATH\Boot.php(363): CodeIgniter\CodeIgniter->run()
 6 SYSTEMPATH\Boot.php(68): CodeIgniter\Boot::runCodeIgniter(Object(CodeIgniter\CodeIgniter))
 7 FCPATH\index.php(59): CodeIgniter\Boot::bootWeb(Object(Config\Paths))
 8 SYSTEMPATH\rewrite.php(44): require_once('D:\\codeigniter4_framework\\public\\index.php')
CRITICAL - 2025-09-15 23:47:37 --> ParseError: syntax error, unexpected token "}"
[Method: POST, Route: auth]
in APPPATH\Controllers\Post_User.php on line 31.
 1 SYSTEMPATH\Autoloader\Autoloader.php(295): CodeIgniter\Autoloader\Autoloader->includeFile('D:\\codeigniter4_framework\\app\\Controllers\\Post_User.php')
 2 SYSTEMPATH\Autoloader\Autoloader.php(271): CodeIgniter\Autoloader\Autoloader->loadInNamespace('App\\Controllers\\Post_User')
 3 [internal function]: CodeIgniter\Autoloader\Autoloader->loadClass('App\\Controllers\\Post_User')
 4 SYSTEMPATH\CodeIgniter.php(885): class_exists('\\App\\Controllers\\Post_User', true)
 5 SYSTEMPATH\CodeIgniter.php(494): CodeIgniter\CodeIgniter->startController()
 6 SYSTEMPATH\CodeIgniter.php(354): CodeIgniter\CodeIgniter->handleRequest(null, Object(Config\Cache), false)
 7 SYSTEMPATH\Boot.php(363): CodeIgniter\CodeIgniter->run()
 8 SYSTEMPATH\Boot.php(68): CodeIgniter\Boot::runCodeIgniter(Object(CodeIgniter\CodeIgniter))
 9 FCPATH\index.php(59): CodeIgniter\Boot::bootWeb(Object(Config\Paths))
10 SYSTEMPATH\rewrite.php(44): require_once('D:\\codeigniter4_framework\\public\\index.php')
CRITICAL - 2025-09-15 23:51:05 --> ErrorException: Array to string conversion
[Method: POST, Route: auth]
in APPPATH\Controllers\Post_User.php on line 29.
 1 APPPATH\Controllers\Post_User.php(29): CodeIgniter\Debug\Exceptions->errorHandler(2, 'Array to string conversion', 'D:\\codeigniter4_framework\\app\\Controllers\\Post_User.php', 29)
 2 SYSTEMPATH\CodeIgniter.php(933): App\Controllers\Post_User->compare()
 3 SYSTEMPATH\CodeIgniter.php(507): CodeIgniter\CodeIgniter->runController(Object(App\Controllers\Post_User))
 4 SYSTEMPATH\CodeIgniter.php(354): CodeIgniter\CodeIgniter->handleRequest(null, Object(Config\Cache), false)
 5 SYSTEMPATH\Boot.php(363): CodeIgniter\CodeIgniter->run()
 6 SYSTEMPATH\Boot.php(68): CodeIgniter\Boot::runCodeIgniter(Object(CodeIgniter\CodeIgniter))
 7 FCPATH\index.php(59): CodeIgniter\Boot::bootWeb(Object(Config\Paths))
 8 SYSTEMPATH\rewrite.php(44): require_once('D:\\codeigniter4_framework\\public\\index.php')
