CRITICAL - 2025-09-16 00:01:28 --> Error: Cannot use object of type App\Models\Data_Login as array
[Method: POST, Route: auth]
in APPPATH\Controllers\Post_User.php on line 28.
 1 SYSTEMPATH\CodeIgniter.php(933): App\Controllers\Post_User->compare()
 2 SYSTEMPATH\CodeIgniter.php(507): CodeIgniter\CodeIgniter->runController(Object(App\Controllers\Post_User))
 3 SYSTEMPATH\CodeIgniter.php(354): CodeIgniter\CodeIgniter->handleRequest(null, Object(Config\Cache), false)
 4 SYSTEMPATH\Boot.php(363): CodeIgniter\CodeIgniter->run()
 5 SYSTEMPATH\Boot.php(68): CodeIgniter\Boot::runCodeIgniter(Object(CodeIgniter\CodeIgniter))
 6 FCPATH\index.php(59): CodeIgniter\Boot::bootWeb(Object(Config\Paths))
 7 SYSTEMPATH\rewrite.php(44): require_once('D:\\codeigniter4_framework\\public\\index.php')
CRITICAL - 2025-09-16 00:13:14 --> ErrorException: Undefined array key "nama"
[Method: POST, Route: auth]
in APPPATH\Controllers\Post_User.php on line 29.
 1 APPPATH\Controllers\Post_User.php(29): CodeIgniter\Debug\Exceptions->errorHandler(2, 'Undefined array key "nama"', 'D:\\codeigniter4_framework\\app\\Controllers\\Post_User.php', 29)
 2 SYSTEMPATH\CodeIgniter.php(933): App\Controllers\Post_User->compare()
 3 SYSTEMPATH\CodeIgniter.php(507): CodeIgniter\CodeIgniter->runController(Object(App\Controllers\Post_User))
 4 SYSTEMPATH\CodeIgniter.php(354): CodeIgniter\CodeIgniter->handleRequest(null, Object(Config\Cache), false)
 5 SYSTEMPATH\Boot.php(363): CodeIgniter\CodeIgniter->run()
 6 SYSTEMPATH\Boot.php(68): CodeIgniter\Boot::runCodeIgniter(Object(CodeIgniter\CodeIgniter))
 7 FCPATH\index.php(59): CodeIgniter\Boot::bootWeb(Object(Config\Paths))
 8 SYSTEMPATH\rewrite.php(44): require_once('D:\\codeigniter4_framework\\public\\index.php')
CRITICAL - 2025-09-16 00:14:43 --> ErrorException: Attempt to read property "nama" on array
[Method: POST, Route: auth]
in APPPATH\Controllers\Post_User.php on line 29.
 1 APPPATH\Controllers\Post_User.php(29): CodeIgniter\Debug\Exceptions->errorHandler(2, 'Attempt to read property "nama" on array', 'D:\\codeigniter4_framework\\app\\Controllers\\Post_User.php', 29)
 2 SYSTEMPATH\CodeIgniter.php(933): App\Controllers\Post_User->compare()
 3 SYSTEMPATH\CodeIgniter.php(507): CodeIgniter\CodeIgniter->runController(Object(App\Controllers\Post_User))
 4 SYSTEMPATH\CodeIgniter.php(354): CodeIgniter\CodeIgniter->handleRequest(null, Object(Config\Cache), false)
 5 SYSTEMPATH\Boot.php(363): CodeIgniter\CodeIgniter->run()
 6 SYSTEMPATH\Boot.php(68): CodeIgniter\Boot::runCodeIgniter(Object(CodeIgniter\CodeIgniter))
 7 FCPATH\index.php(59): CodeIgniter\Boot::bootWeb(Object(Config\Paths))
 8 SYSTEMPATH\rewrite.php(44): require_once('D:\\codeigniter4_framework\\public\\index.php')
CRITICAL - 2025-09-16 00:15:30 --> ErrorException: Undefined array key "nama"
[Method: POST, Route: auth]
in APPPATH\Controllers\Post_User.php on line 29.
 1 APPPATH\Controllers\Post_User.php(29): CodeIgniter\Debug\Exceptions->errorHandler(2, 'Undefined array key "nama"', 'D:\\codeigniter4_framework\\app\\Controllers\\Post_User.php', 29)
 2 SYSTEMPATH\CodeIgniter.php(933): App\Controllers\Post_User->compare()
 3 SYSTEMPATH\CodeIgniter.php(507): CodeIgniter\CodeIgniter->runController(Object(App\Controllers\Post_User))
 4 SYSTEMPATH\CodeIgniter.php(354): CodeIgniter\CodeIgniter->handleRequest(null, Object(Config\Cache), false)
 5 SYSTEMPATH\Boot.php(363): CodeIgniter\CodeIgniter->run()
 6 SYSTEMPATH\Boot.php(68): CodeIgniter\Boot::runCodeIgniter(Object(CodeIgniter\CodeIgniter))
 7 FCPATH\index.php(59): CodeIgniter\Boot::bootWeb(Object(Config\Paths))
 8 SYSTEMPATH\rewrite.php(44): require_once('D:\\codeigniter4_framework\\public\\index.php')
CRITICAL - 2025-09-16 00:49:31 --> ParseError: syntax error, unexpected token "public"
[Method: POST, Route: auth]
in APPPATH\Controllers\Post_User.php on line 43.
 1 SYSTEMPATH\Autoloader\Autoloader.php(295): CodeIgniter\Autoloader\Autoloader->includeFile('D:\\codeigniter4_framework\\app\\Controllers\\Post_User.php')
 2 SYSTEMPATH\Autoloader\Autoloader.php(271): CodeIgniter\Autoloader\Autoloader->loadInNamespace('App\\Controllers\\Post_User')
 3 [internal function]: CodeIgniter\Autoloader\Autoloader->loadClass('App\\Controllers\\Post_User')
 4 SYSTEMPATH\CodeIgniter.php(885): class_exists('\\App\\Controllers\\Post_User', true)
 5 SYSTEMPATH\CodeIgniter.php(494): CodeIgniter\CodeIgniter->startController()
 6 SYSTEMPATH\CodeIgniter.php(354): CodeIgniter\CodeIgniter->handleRequest(null, Object(Config\Cache), false)
 7 SYSTEMPATH\Boot.php(363): CodeIgniter\CodeIgniter->run()
 8 SYSTEMPATH\Boot.php(68): CodeIgniter\Boot::runCodeIgniter(Object(CodeIgniter\CodeIgniter))
 9 FCPATH\index.php(59): CodeIgniter\Boot::bootWeb(Object(Config\Paths))
10 SYSTEMPATH\rewrite.php(44): require_once('D:\\codeigniter4_framework\\public\\index.php')
CRITICAL - 2025-09-16 00:49:51 --> ParseError: syntax error, unexpected token "public"
[Method: POST, Route: auth]
in APPPATH\Controllers\Post_User.php on line 44.
 1 SYSTEMPATH\Autoloader\Autoloader.php(295): CodeIgniter\Autoloader\Autoloader->includeFile('D:\\codeigniter4_framework\\app\\Controllers\\Post_User.php')
 2 SYSTEMPATH\Autoloader\Autoloader.php(271): CodeIgniter\Autoloader\Autoloader->loadInNamespace('App\\Controllers\\Post_User')
 3 [internal function]: CodeIgniter\Autoloader\Autoloader->loadClass('App\\Controllers\\Post_User')
 4 SYSTEMPATH\CodeIgniter.php(885): class_exists('\\App\\Controllers\\Post_User', true)
 5 SYSTEMPATH\CodeIgniter.php(494): CodeIgniter\CodeIgniter->startController()
 6 SYSTEMPATH\CodeIgniter.php(354): CodeIgniter\CodeIgniter->handleRequest(null, Object(Config\Cache), false)
 7 SYSTEMPATH\Boot.php(363): CodeIgniter\CodeIgniter->run()
 8 SYSTEMPATH\Boot.php(68): CodeIgniter\Boot::runCodeIgniter(Object(CodeIgniter\CodeIgniter))
 9 FCPATH\index.php(59): CodeIgniter\Boot::bootWeb(Object(Config\Paths))
10 SYSTEMPATH\rewrite.php(44): require_once('D:\\codeigniter4_framework\\public\\index.php')
CRITICAL - 2025-09-16 01:37:28 --> ParseError: syntax error, unexpected token "endforeach", expecting end of file
[Method: GET, Route: dashboard_admin]
in APPPATH\Views\Page_Admin_Dashboard.php on line 11.
 1 SYSTEMPATH\View\View.php(229): CodeIgniter\View\View->CodeIgniter\View\{closure}()
 2 SYSTEMPATH\Common.php(1167): CodeIgniter\View\View->render('Page_Admin_Dashboard', [], true)
 3 APPPATH\Controllers\Get_Mahasiswa.php(31): view('Page_Admin_Dashboard')
 4 SYSTEMPATH\CodeIgniter.php(933): App\Controllers\Get_Mahasiswa->getadmindashboard()
 5 SYSTEMPATH\CodeIgniter.php(507): CodeIgniter\CodeIgniter->runController(Object(App\Controllers\Get_Mahasiswa))
 6 SYSTEMPATH\CodeIgniter.php(354): CodeIgniter\CodeIgniter->handleRequest(null, Object(Config\Cache), false)
 7 SYSTEMPATH\Boot.php(363): CodeIgniter\CodeIgniter->run()
 8 SYSTEMPATH\Boot.php(68): CodeIgniter\Boot::runCodeIgniter(Object(CodeIgniter\CodeIgniter))
 9 FCPATH\index.php(59): CodeIgniter\Boot::bootWeb(Object(Config\Paths))
10 SYSTEMPATH\rewrite.php(44): require_once('D:\\codeigniter4_framework\\public\\index.php')
CRITICAL - 2025-09-16 01:38:10 --> ParseError: syntax error, unexpected token "endforeach", expecting end of file
[Method: GET, Route: dashboard_admin]
in APPPATH\Views\Page_Admin_Dashboard.php on line 11.
 1 SYSTEMPATH\View\View.php(229): CodeIgniter\View\View->CodeIgniter\View\{closure}()
 2 SYSTEMPATH\Common.php(1167): CodeIgniter\View\View->render('Page_Admin_Dashboard', [], true)
 3 APPPATH\Controllers\Get_Mahasiswa.php(31): view('Page_Admin_Dashboard')
 4 SYSTEMPATH\CodeIgniter.php(933): App\Controllers\Get_Mahasiswa->getadmindashboard()
 5 SYSTEMPATH\CodeIgniter.php(507): CodeIgniter\CodeIgniter->runController(Object(App\Controllers\Get_Mahasiswa))
 6 SYSTEMPATH\CodeIgniter.php(354): CodeIgniter\CodeIgniter->handleRequest(null, Object(Config\Cache), false)
 7 SYSTEMPATH\Boot.php(363): CodeIgniter\CodeIgniter->run()
 8 SYSTEMPATH\Boot.php(68): CodeIgniter\Boot::runCodeIgniter(Object(CodeIgniter\CodeIgniter))
 9 FCPATH\index.php(59): CodeIgniter\Boot::bootWeb(Object(Config\Paths))
10 SYSTEMPATH\rewrite.php(44): require_once('D:\\codeigniter4_framework\\public\\index.php')
CRITICAL - 2025-09-16 01:45:01 --> Error: Class "App\Controllers\Data_Mahasiswa" not found
[Method: GET, Route: mahasiswa]
in APPPATH\Controllers\Get_Mahasiswa.php on line 18.
 1 SYSTEMPATH\CodeIgniter.php(933): App\Controllers\Get_Mahasiswa->getallmahasiswa()
 2 SYSTEMPATH\CodeIgniter.php(507): CodeIgniter\CodeIgniter->runController(Object(App\Controllers\Get_Mahasiswa))
 3 SYSTEMPATH\CodeIgniter.php(354): CodeIgniter\CodeIgniter->handleRequest(null, Object(Config\Cache), false)
 4 SYSTEMPATH\Boot.php(363): CodeIgniter\CodeIgniter->run()
 5 SYSTEMPATH\Boot.php(68): CodeIgniter\Boot::runCodeIgniter(Object(CodeIgniter\CodeIgniter))
 6 FCPATH\index.php(59): CodeIgniter\Boot::bootWeb(Object(Config\Paths))
 7 SYSTEMPATH\rewrite.php(44): require_once('D:\\codeigniter4_framework\\public\\index.php')
CRITICAL - 2025-09-16 01:45:07 --> Error: Class "App\Controllers\Data_Mahasiswa" not found
[Method: GET, Route: mahasiswa]
in APPPATH\Controllers\Get_Mahasiswa.php on line 18.
 1 SYSTEMPATH\CodeIgniter.php(933): App\Controllers\Get_Mahasiswa->getallmahasiswa()
 2 SYSTEMPATH\CodeIgniter.php(507): CodeIgniter\CodeIgniter->runController(Object(App\Controllers\Get_Mahasiswa))
 3 SYSTEMPATH\CodeIgniter.php(354): CodeIgniter\CodeIgniter->handleRequest(null, Object(Config\Cache), false)
 4 SYSTEMPATH\Boot.php(363): CodeIgniter\CodeIgniter->run()
 5 SYSTEMPATH\Boot.php(68): CodeIgniter\Boot::runCodeIgniter(Object(CodeIgniter\CodeIgniter))
 6 FCPATH\index.php(59): CodeIgniter\Boot::bootWeb(Object(Config\Paths))
 7 SYSTEMPATH\rewrite.php(44): require_once('D:\\codeigniter4_framework\\public\\index.php')
CRITICAL - 2025-09-16 01:45:09 --> Error: Class "App\Controllers\Data_Mahasiswa" not found
[Method: GET, Route: mahasiswa]
in APPPATH\Controllers\Get_Mahasiswa.php on line 18.
 1 SYSTEMPATH\CodeIgniter.php(933): App\Controllers\Get_Mahasiswa->getallmahasiswa()
 2 SYSTEMPATH\CodeIgniter.php(507): CodeIgniter\CodeIgniter->runController(Object(App\Controllers\Get_Mahasiswa))
 3 SYSTEMPATH\CodeIgniter.php(354): CodeIgniter\CodeIgniter->handleRequest(null, Object(Config\Cache), false)
 4 SYSTEMPATH\Boot.php(363): CodeIgniter\CodeIgniter->run()
 5 SYSTEMPATH\Boot.php(68): CodeIgniter\Boot::runCodeIgniter(Object(CodeIgniter\CodeIgniter))
 6 FCPATH\index.php(59): CodeIgniter\Boot::bootWeb(Object(Config\Paths))
 7 SYSTEMPATH\rewrite.php(44): require_once('D:\\codeigniter4_framework\\public\\index.php')
